
icetime topological timing analysis report
==========================================

Info: max_span_hack is enabled: estimate is conservative.

Report for critical path:
-------------------------

        lc40_12_8_1 (LogicCell40) [clk] -> lcout: 0.640 ns
     0.640 ns net_23445 (LED4)
        odrv_12_8_23445_23351 (Odrv4) I -> O: 0.372 ns
        t247 (Span4Mux_h4) I -> O: 0.316 ns
        t246 (Span4Mux_v4) I -> O: 0.372 ns
        t245 (LocalMux) I -> O: 0.330 ns
        inmux_7_9_15518_15558 (InMux) I -> O: 0.260 ns
        lc40_7_9_2 (LogicCell40) in3 -> lcout: 0.316 ns
     2.604 ns net_13362 ($abc$1920$new_n158_)
        odrv_7_9_13362_13269 (Odrv4) I -> O: 0.372 ns
        t186 (LocalMux) I -> O: 0.330 ns
        inmux_7_10_15642_15697 (InMux) I -> O: 0.260 ns
        lc40_7_10_5 (LogicCell40) in1 -> lcout: 0.400 ns
     3.964 ns net_13488 ($abc$1920$send.data_byte[1]_new_)
        t195 (LocalMux) I -> O: 0.330 ns
        inmux_7_11_15761_15826 (InMux) I -> O: 0.260 ns
        lc40_7_11_6 (LogicCell40) in1 -> lcout: 0.400 ns
     4.953 ns net_13612 ($abc$1920$new_n160_)
        t207 (LocalMux) I -> O: 0.330 ns
        inmux_6_11_13669_13706 (InMux) I -> O: 0.260 ns
        t43 (CascadeMux) I -> O: 0.000 ns
     5.542 ns net_13706_cascademuxed
        lc40_6_11_4 (LogicCell40) in2 [setup]: 0.323 ns
     5.865 ns net_11501 (TX)

Resolvable net names on path:
     0.640 ns ..  2.288 ns LED4
     2.604 ns ..  3.565 ns $abc$1920$new_n158_
     3.964 ns ..  4.554 ns $abc$1920$send.data_byte[1]_new_
     4.953 ns ..  5.542 ns $abc$1920$new_n160_
                  lcout -> TX

Total number of logic levels: 4
Total path delay: 5.87 ns (170.50 MHz)

